// Jest Snapshot v1, https://goo.gl/fbAQLP

exports[`salary indication component should render correctly. 1`] = `
<RadioGroup
  buttonStyle="outline"
  disabled={false}
  name="salaryIndication"
  prefixCls="ant-radio"
>
  <Radio
    prefixCls="ant-radio"
    style={
      Object {
        "display": "block",
        "height": "30px",
        "lineHeight": "30px",
      }
    }
    type="radio"
    value="0 - 1000"
  >
    0 - 1000
  </Radio>
  <Radio
    prefixCls="ant-radio"
    style={
      Object {
        "display": "block",
        "height": "30px",
        "lineHeight": "30px",
      }
    }
    type="radio"
    value="1.000 - 2.000"
  >
    1.000 - 2.000
  </Radio>
  <Radio
    prefixCls="ant-radio"
    style={
      Object {
        "display": "block",
        "height": "30px",
        "lineHeight": "30px",
      }
    }
    type="radio"
    value="2.000 - 3.000"
  >
    2.000 - 3.000
  </Radio>
  <Radio
    prefixCls="ant-radio"
    style={
      Object {
        "display": "block",
        "height": "30px",
        "lineHeight": "30px",
      }
    }
    type="radio"
    value="3.000 - 4.000"
  >
    3.000 - 4.000
  </Radio>
  <Radio
    prefixCls="ant-radio"
    style={
      Object {
        "display": "block",
        "height": "30px",
        "lineHeight": "30px",
      }
    }
    type="radio"
    value="Mehr als 4.000"
  >
    Mehr als 4.000
  </Radio>
</RadioGroup>
`;
